I'm sorry, but errors were detected in your script. Please correct the
errors listed below, and try again.


File "game/dev/day0/day0.rpy", line 390: end of line expected.
    show sayori 1b at t11 zorder 2 leftin
                                   ^

Ren'Py Version: Ren'Py 6.99.12.4.2187
